../Utilities/GUI_INTERFACE/gui_api.c:629:23:GUI_Init	32	static
../Utilities/GUI_INTERFACE/gui_api.c:681:10:GUI_InitOS	56	static
../Utilities/GUI_INTERFACE/gui_api.c:711:6:GUI_Reset	8	static
../Utilities/GUI_INTERFACE/gui_api.c:716:6:GUI_Start	8	static
../Utilities/GUI_INTERFACE/gui_api.c:728:1:TaskGUI	56	static
../Utilities/GUI_INTERFACE/gui_api.c:811:17:CheckGUITimers	24	static
../Utilities/GUI_INTERFACE/gui_api.c:833:6:GUI_TimerCounter	8	static
../Utilities/GUI_INTERFACE/gui_api.c:872:6:GUI_CALLBACK_RX	24	static,ignoring_inline_asm
../Utilities/GUI_INTERFACE/gui_api.c:897:10:GUI_RXProcess	40	static
../Utilities/GUI_INTERFACE/gui_api.c:957:10:GUI_FormatAndSendNotification	48	static
../Utilities/GUI_INTERFACE/gui_api.c:976:10:GUI_GetMessage	24	static
../Utilities/GUI_INTERFACE/gui_api.c:1101:17:GUI_SendAnswer	32	static
../Utilities/GUI_INTERFACE/gui_api.c:1213:17:GUI_SendNotification	168	static
../Utilities/GUI_INTERFACE/gui_api.c:1588:6:GUI_PostNotificationMessage	24	static
../Utilities/GUI_INTERFACE/gui_api.c:1622:23:GUI_IsRunning	8	static
../Utilities/GUI_INTERFACE/gui_api.c:1635:6:GUI_SaveInfo	56	static
../Utilities/GUI_INTERFACE/gui_api.c:1794:6:GUI_RegisterCallback_FreeText	16	static
../Utilities/GUI_INTERFACE/gui_api.c:1812:13:Send_DpmInitCnf	88	static
../Utilities/GUI_INTERFACE/gui_api.c:1939:13:Request_MessageReq	80	static
../Utilities/GUI_INTERFACE/gui_api.c:2425:13:Send_DpmConfigSetCnf	360	static
../Utilities/GUI_INTERFACE/gui_api.c:2705:13:Send_DpmConfigGetCnf	80	static
../Utilities/GUI_INTERFACE/gui_api.c:3075:13:Send_DpmConfigGetRej	40	static
../Utilities/GUI_INTERFACE/gui_api.c:3084:13:Send_DpmMessageRej	40	static
../Utilities/GUI_INTERFACE/gui_api.c:3093:13:Send_DpmRegisterReadCnf	80	static
../Utilities/GUI_INTERFACE/gui_api.c:3258:13:Send_DpmRegisterWriteCnf	64	static
../Utilities/GUI_INTERFACE/gui_api.c:3410:28:Manage_FreeText	32	static
