../USBPD/App/usbpd_pwr_if.c:119:21:USBPD_PWR_IF_Init	16	static
../USBPD/App/usbpd_pwr_if.c:137:21:USBPD_PWR_IF_SetProfile	32	static
../USBPD/App/usbpd_pwr_if.c:160:21:USBPD_PWR_IF_SupplyReady	24	static
../USBPD/App/usbpd_pwr_if.c:193:21:USBPD_PWR_IF_VBUSEnable	40	static
../USBPD/App/usbpd_pwr_if.c:206:21:USBPD_PWR_IF_VBUSDisable	40	static
../USBPD/App/usbpd_pwr_if.c:219:23:USBPD_PWR_IF_VBUSIsEnabled	16	static
../USBPD/App/usbpd_pwr_if.c:232:21:USBPD_PWR_IF_ReadVA	24	static
../USBPD/App/usbpd_pwr_if.c:245:21:USBPD_PWR_IF_Enable_VConn	16	static
../USBPD/App/usbpd_pwr_if.c:258:21:USBPD_PWR_IF_Disable_VConn	16	static
../USBPD/App/usbpd_pwr_if.c:276:6:USBPD_PWR_IF_GetPortPDOs	48	static
../USBPD/App/usbpd_pwr_if.c:350:21:USBPD_PWR_IF_SearchRequestedPDO	24	static
../USBPD/App/usbpd_pwr_if.c:369:6:USBPD_PWR_IF_AlarmType	16	static
../USBPD/App/usbpd_pwr_if.c:380:6:USBPD_PWR_IF_Alarm	8	static
../USBPD/App/usbpd_pwr_if.c:393:9:USBPD_PWR_IF_GetVBUSStatus	24	static
../USBPD/App/usbpd_pwr_if.c:422:6:USBPD_PWR_IF_UpdateVbusThreshold	16	static
../USBPD/App/usbpd_pwr_if.c:433:6:USBPD_PWR_IF_ResetVbusThreshold	16	static
