../Drivers/BSP/STM32G0xx_Nucleo/stm32g0xx_nucleo.c:143:10:BSP_GetVersion	8	static
../Drivers/BSP/STM32G0xx_Nucleo/stm32g0xx_nucleo.c:162:6:BSP_LED_Init	40	static
../Drivers/BSP/STM32G0xx_Nucleo/stm32g0xx_nucleo.c:186:6:BSP_LED_DeInit	40	static
../Drivers/BSP/STM32G0xx_Nucleo/stm32g0xx_nucleo.c:205:6:BSP_LED_On	16	static
../Drivers/BSP/STM32G0xx_Nucleo/stm32g0xx_nucleo.c:217:6:BSP_LED_Off	16	static
../Drivers/BSP/STM32G0xx_Nucleo/stm32g0xx_nucleo.c:229:6:BSP_LED_Toggle	16	static
../Drivers/BSP/STM32G0xx_Nucleo/stm32g0xx_nucleo.c:253:6:BSP_PB_Init	40	static
../Drivers/BSP/STM32G0xx_Nucleo/stm32g0xx_nucleo.c:292:6:BSP_PB_DeInit	48	static
../Drivers/BSP/STM32G0xx_Nucleo/stm32g0xx_nucleo.c:307:10:BSP_PB_GetState	16	static
../Drivers/BSP/STM32G0xx_Nucleo/stm32g0xx_nucleo.c:714:13:ADCx_MspInit	48	static
../Drivers/BSP/STM32G0xx_Nucleo/stm32g0xx_nucleo.c:737:13:ADCx_MspDeInit	40	static
../Drivers/BSP/STM32G0xx_Nucleo/stm32g0xx_nucleo.c:757:26:ADCx_Init	8	static
../Drivers/BSP/STM32G0xx_Nucleo/stm32g0xx_nucleo.c:804:13:ADCx_DeInit	8	static
../Drivers/BSP/STM32G0xx_Nucleo/stm32g0xx_nucleo.c:819:9:BSP_JOY_Init	8	static
../Drivers/BSP/STM32G0xx_Nucleo/stm32g0xx_nucleo.c:839:6:BSP_JOY_DeInit	8	static
../Drivers/BSP/STM32G0xx_Nucleo/stm32g0xx_nucleo.c:856:18:BSP_JOY_GetState	16	static
../Drivers/BSP/STM32G0xx_Nucleo/stm32g0xx_nucleo.c:909:16:BSP_GetHWBoardVersionName	8	static
../Drivers/BSP/STM32G0xx_Nucleo/stm32g0xx_nucleo.c:918:16:BSP_GetPDTypeName	8	static
