../Drivers/CMSIS/Include/core_cm0plus.h:985:34:__NVIC_SystemReset	8	static,ignoring_inline_asm
../USBPD/Target/usbpd_dpm_user.c:156:21:USBPD_DPM_UserInit	8	static
../USBPD/Target/usbpd_dpm_user.c:175:6:USBPD_DPM_SetNotification_GUI	24	static
../USBPD/Target/usbpd_dpm_user.c:187:6:USBPD_DPM_WaitForTime	16	static
../USBPD/Target/usbpd_dpm_user.c:198:6:USBPD_DPM_UserExecute	16	static
../USBPD/Target/usbpd_dpm_user.c:214:6:USBPD_DPM_UserCableDetection	16	static
../USBPD/Target/usbpd_dpm_user.c:273:6:USBPD_DPM_UserTimerCounter	16	static
../USBPD/Target/usbpd_dpm_user.c:294:6:USBPD_DPM_Notification	88	static
../USBPD/Target/usbpd_dpm_user.c:351:6:USBPD_DPM_HardReset	16	static
../USBPD/Target/usbpd_dpm_user.c:383:21:USBPD_DPM_SetupNewPower	16	static
../USBPD/Target/usbpd_dpm_user.c:398:6:USBPD_DPM_GetDataInfo	96	static
../USBPD/Target/usbpd_dpm_user.c:439:6:USBPD_DPM_SetDataInfo	96	static
../USBPD/Target/usbpd_dpm_user.c:497:21:USBPD_DPM_EvaluateRequest	40	static
../USBPD/Target/usbpd_dpm_user.c:543:21:USBPD_DPM_EvaluateVconnSwap	24	static
../USBPD/Target/usbpd_dpm_user.c:562:21:USBPD_DPM_PE_VconnPwr	16	static
../USBPD/Target/usbpd_dpm_user.c:580:6:USBPD_DPM_ExtendedMessageReceived	24	static
../USBPD/Target/usbpd_dpm_user.c:592:6:USBPD_DPM_EnterErrorRecovery	16	static
../USBPD/Target/usbpd_dpm_user.c:609:21:USBPD_DPM_EvaluateDataRoleSwap	24	static
../USBPD/Target/usbpd_dpm_user.c:639:23:USBPD_DPM_IsPowerReady	16	static
../USBPD/Target/usbpd_dpm_user.c:659:21:USBPD_DPM_RequestHardReset	88	static
../USBPD/Target/usbpd_dpm_user.c:673:21:USBPD_DPM_RequestCableReset	88	static
../USBPD/Target/usbpd_dpm_user.c:685:21:USBPD_DPM_RequestGotoMin	88	static
../USBPD/Target/usbpd_dpm_user.c:699:21:USBPD_DPM_RequestPing	88	static
../USBPD/Target/usbpd_dpm_user.c:713:21:USBPD_DPM_RequestMessageRequest	88	static
../USBPD/Target/usbpd_dpm_user.c:730:21:USBPD_DPM_RequestGetSourceCapability	88	static
../USBPD/Target/usbpd_dpm_user.c:742:21:USBPD_DPM_RequestGetSinkCapability	88	static
../USBPD/Target/usbpd_dpm_user.c:754:21:USBPD_DPM_RequestDataRoleSwap	88	static
../USBPD/Target/usbpd_dpm_user.c:766:21:USBPD_DPM_RequestPowerRoleSwap	88	static
../USBPD/Target/usbpd_dpm_user.c:777:21:USBPD_DPM_RequestVconnSwap	88	static
../USBPD/Target/usbpd_dpm_user.c:790:21:USBPD_DPM_RequestSoftReset	88	static
../USBPD/Target/usbpd_dpm_user.c:802:21:USBPD_DPM_RequestSourceCapability	88	static
../USBPD/Target/usbpd_dpm_user.c:816:21:USBPD_DPM_RequestVDM_DiscoveryIdentify	88	static
../USBPD/Target/usbpd_dpm_user.c:835:21:USBPD_DPM_RequestVDM_DiscoverySVID	88	static
../USBPD/Target/usbpd_dpm_user.c:849:21:USBPD_DPM_RequestVDM_DiscoveryMode	88	static
../USBPD/Target/usbpd_dpm_user.c:864:21:USBPD_DPM_RequestVDM_EnterMode	96	static
../USBPD/Target/usbpd_dpm_user.c:879:21:USBPD_DPM_RequestVDM_ExitMode	96	static
../USBPD/Target/usbpd_dpm_user.c:894:21:USBPD_DPM_RequestDisplayPortStatus	88	static
../USBPD/Target/usbpd_dpm_user.c:912:21:USBPD_DPM_RequestDisplayPortConfig	88	static
../USBPD/Target/usbpd_dpm_user.c:930:21:USBPD_DPM_RequestAttention	88	static
../USBPD/Target/usbpd_dpm_user.c:943:21:USBPD_DPM_RequestAlert	88	static
../USBPD/Target/usbpd_dpm_user.c:955:21:USBPD_DPM_RequestGetSourceCapabilityExt	88	static
../USBPD/Target/usbpd_dpm_user.c:967:21:USBPD_DPM_RequestGetSinkCapabilityExt	88	static
../USBPD/Target/usbpd_dpm_user.c:980:21:USBPD_DPM_RequestGetManufacturerInfo	88	static
../USBPD/Target/usbpd_dpm_user.c:996:21:USBPD_DPM_RequestGetPPS_Status	88	static
../USBPD/Target/usbpd_dpm_user.c:1008:21:USBPD_DPM_RequestGetStatus	88	static
../USBPD/Target/usbpd_dpm_user.c:1020:21:USBPD_DPM_RequestFastRoleSwap	88	static
../USBPD/Target/usbpd_dpm_user.c:1032:21:USBPD_DPM_RequestGetCountryCodes	88	static
../USBPD/Target/usbpd_dpm_user.c:1045:21:USBPD_DPM_RequestGetCountryInfo	88	static
../USBPD/Target/usbpd_dpm_user.c:1058:21:USBPD_DPM_RequestGetBatteryCapability	88	static
../USBPD/Target/usbpd_dpm_user.c:1071:21:USBPD_DPM_RequestGetBatteryStatus	88	static
../USBPD/Target/usbpd_dpm_user.c:1083:21:USBPD_DPM_RequestSecurityRequest	88	static
../USBPD/Target/usbpd_dpm_user.c:1105:28:DPM_TurnOffPower	32	static
../USBPD/Target/usbpd_dpm_user.c:1119:28:DPM_TurnOnPower	32	static
